// Jest Snapshot v1, https://goo.gl/fbAQLP

exports[`Checks button push home 1`] = `
<div
  className="main-footer clearfix"
>
  <p
    className="copy-write"
  >
    © SoftUni Lyubosumaz Final Project
  </p>
  <ul
    className="footer-nav clearfix"
  >
    <li>
      <button
        className="footer-nav-button"
        onClick={[Function]}
      >
        Home
      </button>
    </li>
    <li>
      <button
        className="footer-nav-button"
        onClick={[Function]}
      >
        About
      </button>
    </li>
  </ul>
</div>
`;

exports[`Checks footer-nav-button changes 1`] = `
<div
  className="main-footer clearfix"
>
  <p
    className="copy-write"
  >
    © SoftUni Lyubosumaz Final Project
  </p>
  <ul
    className="footer-nav clearfix"
  >
    <li>
      <button
        className="footer-nav-button"
        onClick={[Function]}
      >
        Home
      </button>
    </li>
    <li>
      <button
        className="footer-nav-button"
        onClick={[Function]}
      >
        About
      </button>
    </li>
  </ul>
</div>
`;

exports[`Checks footer-nav-button push 1`] = `
<div
  className="main-footer clearfix"
>
  <p
    className="copy-write"
  >
    © SoftUni Lyubosumaz Final Project
  </p>
  <ul
    className="footer-nav clearfix"
  >
    <li>
      <button
        className="footer-nav-button"
        onClick={[Function]}
      >
        Home
      </button>
    </li>
    <li>
      <button
        className="footer-nav-button"
        onClick={[Function]}
      >
        About
      </button>
    </li>
  </ul>
</div>
`;

exports[`Checks footer-nav-button push home 1`] = `
<div
  className="main-footer clearfix"
>
  <p
    className="copy-write"
  >
    © SoftUni Lyubosumaz Final Project
  </p>
  <ul
    className="footer-nav clearfix"
  >
    <li>
      <button
        className="footer-nav-button"
        onClick={[Function]}
      >
        Home
      </button>
    </li>
    <li>
      <button
        className="footer-nav-button"
        onClick={[Function]}
      >
        About
      </button>
    </li>
  </ul>
</div>
`;

exports[`Checks for html changes 1`] = `
<div
  className="main-footer clearfix"
>
  <p
    className="copy-write"
  >
    © SoftUni Lyubosumaz Final Project
  </p>
  <ul
    className="footer-nav clearfix"
  >
    <li>
      <button
        className="footer-nav-button"
        onClick={[Function]}
      >
        Home
      </button>
    </li>
    <li>
      <button
        className="footer-nav-button"
        onClick={[Function]}
      >
        About
      </button>
    </li>
  </ul>
</div>
`;

exports[`Checks for html changes 2`] = `
<div
  className="main-footer clearfix"
>
  <p
    className="copy-write"
  >
    © SoftUni Lyubosumaz Final Project
  </p>
  <ul
    className="footer-nav clearfix"
  >
    <li>
      <button
        className="footer-nav-button"
        onClick={[Function]}
      >
        Home
      </button>
    </li>
    <li>
      <button
        className="footer-nav-button"
        onClick={[Function]}
      >
        About
      </button>
    </li>
  </ul>
</div>
`;
