// Jest Snapshot v1, https://goo.gl/fbAQLP

exports[`Login Component Checks for html changes 1`] = `
<Provider
  store={
    Object {
      "dispatch": [Function],
      "getState": [Function],
      "replaceReducer": [Function],
      "subscribe": [Function],
      Symbol(observable): [Function],
    }
  }
>
  <Connect(Login)>
    <Login
      isLogin={true}
      setLoginValue={[Function]}
    >
      <div
        className="main-container"
      >
        <form>
          <h1>
            Login
          </h1>
          <p>
            Please enter your Username and Password.
          </p>
          <div
            className="form-div-container"
          >
            <label
              htmlFor="username"
            >
              <b>
                Username:
              </b>
            </label>
            <input
              className="form-input"
              id="username"
              name="username"
              onChange={[Function]}
              placeholder="Enter your Username"
              type="text"
              value=""
            />
          </div>
          <div
            className="form-div-container"
          >
            <label
              htmlFor="password"
            >
              <b>
                Password:
              </b>
            </label>
            <input
              className="form-input"
              id="password"
              name="password"
              onChange={[Function]}
              placeholder="Enter your Password"
              type="password"
              value=""
            />
          </div>
          <div>
            <button
              className="form-action-btn"
              onClick={[Function]}
              type="submit"
            >
              Login
            </button>
          </div>
          <div
            className="info-container"
          >
            <p>
              Don't have an account? 
              <button
                className="info-button"
                onClick={[Function]}
              >
                Create account
              </button>
              .
            </p>
          </div>
        </form>
      </div>
    </Login>
  </Connect(Login)>
</Provider>
`;
